Traceback (most recent call last):
  File "C:\Users\narva\projects\CATIE\PARES\backend\main.py", line 659, in chat
    respuesta_parts.append(f"\n---\n*Fuentes: {', '.join(fuentes)}*")
                                                         ^^^^^^^
NameError: name 'fuentes' is not defined
